<html>
<body>
<pre>
<h1>µVision Build Log</h1>
<h2>Tool Versions:</h2>
IDE-Version: µVision V5.12.0.0
Copyright (C) 2014 ARM Ltd and ARM Germany GmbH. All rights reserved.
License Information: Khiem Lam, UC Davis, LIC=----
 
Tool Versions:
Toolchain:       MDK-Lite  Version: 5.12.0.0
Toolchain Path:  C:\Keil_v5\ARM\ARMCC\Bin
C Compiler:      Armcc.exe V5.05 (build 41)
Assembler:       Armasm.exe V5.05 (build 41)
Linker/Locator:  ArmLink.exe V5.05 (build 41)
Library Manager: ArmAr.exe V5.05 (build 41)
Hex Converter:   FromElf.exe V5.05 (build 41)
CPU DLL:         SARMCM3.DLL V5.12.0.0
Dialog DLL:      DARMCM1.DLL V1.11.00.0
Target DLL:      UL2CM3.DLL V1.153.0.0
Dialog DLL:      TARMCM1.DLL V1.08.00.0
 
<h2>Project:</h2>
C:\MDK\Boards\Freescale\FRDM-KL25Z\lab6.uvprojx
Project File Date:  03/25/2015

<h2>Output:</h2>
Rebuild target 'Target 1'
compiling adc0.c...
compiling adc16.c...
compiling main .c...
C:\Users\Khiem\Documents\195A\195A_lab7\main .c(313): warning:  #177-D: variable "ret" was declared but never referenced
        unsigned int ret;
C:\Users\Khiem\Documents\195A\195A_lab7\main .c(316): warning:  #177-D: variable "baseP" was declared but never referenced
        unsigned char baseP;
C:\Users\Khiem\Documents\195A\195A_lab7\main .c(317): warning:  #177-D: variable "j" was declared but never referenced
        int j;
C:\Users\Khiem\Documents\195A\195A_lab7\main .c: 3 warnings, 0 errors
compiling timers.c...
compiling uart.c...
assembling startup_MKL25Z4.s...
compiling system_MKL25Z4.c...
linking...
Program Size: Code=5252 RO-data=224 RW-data=108 ZI-data=1764  
".\Objects\lab6.axf" - 0 Error(s), 3 Warning(s).

<h2>Software Packages used:</h2>

Package Vendor: ARM
                http://www.keil.com/pack/ARM.CMSIS.4.2.0.pack
                ARM::CMSIS:CORE:3.40.0
                CMSIS (Cortex Microcontroller Software Interface Standard)
   * Component: CORE Version: 3.40.0

Package Vendor: Keil
                http://www.keil.com/pack/Keil.Kinetis_KLxx_DFP.1.4.0.pack
                Keil::Device:Startup:1.0.0
                Freescale Kinetis KLxx Series Device Support and Examples
   * Component: Startup Version: 1.0.0

<h2>Collection of Component include folders:</h2>
  C:\MDK\Boards\Freescale\FRDM-KL25Z\RTE
  C:\Keil_v5\ARM\PACK\ARM\CMSIS\4.2.0\CMSIS\Include
  C:\Keil_v5\ARM\PACK\Keil\Kinetis_KLxx_DFP\1.4.0\Device\Include

<h2>Collection of Component Files used:</h2>

   * Component: ARM::CMSIS:CORE:3.40.0
      Source file:   CMSIS\UserCodeTemplates\ARM\ITM_Retarget.c

   * Component: Keil::Device:Startup:1.0.0
      Source file:   Device\Source\ARM\startup_MKL25Z4.s
      Source file:   Device\Source\system_MKL25Z4.c
Load "C:\\MDK\\Boards\\Freescale\\FRDM-KL25Z\\Objects\\lab6.axf" 
Error: Flash Download failed  -  Target DLL has been cancelled
Load "C:\\MDK\\Boards\\Freescale\\FRDM-KL25Z\\Objects\\lab6.axf" 
