<html>
<body>
<pre>
<h1>µVision Build Log</h1>
<h2>Tool Versions:</h2>
IDE-Version: µVision V5.12.0.0
Copyright (C) 2014 ARM Ltd and ARM Germany GmbH. All rights reserved.
License Information: Khiem Lam, UC Davis, LIC=----
 
Tool Versions:
Toolchain:       MDK-Lite  Version: 5.12.0.0
Toolchain Path:  C:\Keil_v5\ARM\ARMCC\Bin
C Compiler:      Armcc.exe V5.05 (build 41)
Assembler:       Armasm.exe V5.05 (build 41)
Linker/Locator:  ArmLink.exe V5.05 (build 41)
Library Manager: ArmAr.exe V5.05 (build 41)
Hex Converter:   FromElf.exe V5.05 (build 41)
CPU DLL:         SARMCM3.DLL V5.12.0.0
Dialog DLL:      DARMCM1.DLL V1.11.00.0
    Target DLL: PEMicro\Pemicro_ArmCortexInterface.dll
Dialog DLL:      TARMCM1.DLL V1.08.00.0
 
<h2>Project:</h2>
C:\MDK\Boards\Freescale\FRDM-KL25Z\AutoCar\lab6.uvprojx
Project File Date:  03/25/2015

<h2>Output:</h2>
Rebuild target 'Target 1'
compiling adc0.c...
compiling adc16.c...
compiling main .c...
main .c(353): warning:  #177-D: variable "check" was declared but never referenced
        char check;
main .c(355): warning:  #177-D: variable "str" was declared but never referenced
        char str[] = "\r\nExit! \r\n";
main .c(357): warning:  #177-D: variable "str2" was declared but never referenced
        char str2[] = "\r\nFeedback signals from A_IFB and B_IFB ";
main .c(358): warning:  #177-D: variable "str3" was declared but never referenced
        char str3[] = "\r\n";
main .c(359): warning:  #177-D: variable "ret" was declared but never referenced
        unsigned int ret;
main .c(367): warning:  #177-D: variable "delTa_curv" was declared but never referenced
        int delTa_curv=0;
main .c(370): warning:  #177-D: variable "CURV_BOTH" was declared but never referenced
        int CURV_BOTH=0;
main .c(377): warning:  #177-D: variable "Wiggle" was declared but never referenced
        unsigned short speedST=50,Wiggle=0;
main .c(378): warning:  #177-D: variable "A_R" was declared but never referenced
        unsigned short A_R[100], idx_CURV=0;
main .c(378): warning:  #177-D: variable "idx_CURV" was declared but never referenced
        unsigned short A_R[100], idx_CURV=0;
main .c(382): warning:  #177-D: variable "strSing" was declared but never referenced
                char strSing[] = "\r\nPing and Sing Buffer \r\n";
main .c(383): warning:  #177-D: variable "strSong" was declared but never referenced
                char strSong[] = "\r\nPong and Song Buffer \r\n";
main .c(385): warning:  #177-D: variable "cq_present" was declared but never referenced
      int cq_present; 
main .c(387): warning:  #550-D: variable "pingFlg" was set but never used
                int pingFlg, singFlg;
main .c(387): warning:  #177-D: variable "singFlg" was declared but never referenced
                int pingFlg, singFlg;
main .c: 15 warnings, 0 errors
compiling timers.c...
compiling uart.c...
assembling startup_MKL25Z4.s...
compiling system_MKL25Z4.c...
linking...
Program Size: Code=5500 RO-data=264 RW-data=112 ZI-data=2176  
".\Objects\lab6.axf" - 0 Error(s), 15 Warning(s).

<h2>Software Packages used:</h2>

Package Vendor: ARM
                http://www.keil.com/pack/ARM.CMSIS.4.2.0.pack
                ARM::CMSIS:CORE:3.40.0
                CMSIS (Cortex Microcontroller Software Interface Standard)
   * Component: CORE Version: 3.40.0

Package Vendor: Keil
                http://www.keil.com/pack/Keil.Kinetis_KLxx_DFP.1.4.0.pack
                Keil::Device:Startup:1.0.0
                Freescale Kinetis KLxx Series Device Support and Examples
   * Component: Startup Version: 1.0.0

<h2>Collection of Component include folders:</h2>
  C:\MDK\Boards\Freescale\FRDM-KL25Z\AutoCar\RTE
  C:\Keil_v5\ARM\PACK\ARM\CMSIS\4.2.0\CMSIS\Include
  C:\Keil_v5\ARM\PACK\Keil\Kinetis_KLxx_DFP\1.4.0\Device\Include

<h2>Collection of Component Files used:</h2>

   * Component: ARM::CMSIS:CORE:3.40.0
      Source file:   CMSIS\UserCodeTemplates\ARM\ITM_Retarget.c

   * Component: Keil::Device:Startup:1.0.0
      Source file:   Device\Source\ARM\startup_MKL25Z4.s
      Source file:   Device\Source\system_MKL25Z4.c
: Keil
                http://www.keil.com/pack/Keil.Kinetis_KLxx_DFP.1.4.0.pack
                Keil::Device:Startup:1.0.0
                Freescale Kinetis KLxx Series Device Support and Examples
   * Component: Startup Version: 1.0.0

<h2>Collection of Component include folders:</h2>
  C:\MDK\Boards\Freescale\FRDM-KL25Z\AutoCar\RTE
  C:\Keil_v5\ARM\PACK\ARM\CMSIS\4.2.0\CMSIS\Include
  C:\Keil_v5\ARM\PACK\Keil\Kinetis_KLxx_DFP\1.4.0\Device\Include

<h2>Collection of Component Files used:</h2>

   * Component: ARM::CMSIS:CORE:3.40.0
      Source file:   CMSIS\UserCodeTemplates\ARM\ITM_Retarget.c

   * Component: Keil::Device:Startup:1.0.0
      Source file:   Device\Source\ARM\startup_MKL25Z4.s
      Source file:   Device\Source\system_MKL25Z4.c
Target not created.
